test_files/does_not_exist.input: cannot open `test_files/does_not_exist.input' (No such file or directory)
