test_files/empty_echo.input: very short file (no magic)
