test_files/large_non_ascii.input: ISO-8859 text, with no line terminators
