test_files/random_ascii_0.input: very short file (no magic)
