test_files/secret.input: writable, regular file, no read permission
